// Jest Snapshot v1, https://goo.gl/fbAQLP

exports[`Document should render correctly 1`] = `
<html
  lang="test"
>
  <head>
    <meta
      content="IE=edge"
      httpEquiv="X-UA-Compatible"
    />
    <meta
      charSet="utf-8"
    />
    <meta
      content="nofollow"
      name="robots"
    />
    <meta
      content="#B80000"
      name="theme-color"
    />
    <meta
      content="width=device-width, initial-scale=1, minimum-scale=1"
      name="viewport"
    />
    <link
      href="/manifest.json"
      rel="manifest"
    />
    <ResourceHints />
    <title>
      Test title
    </title>
    <link
      href="https://www.bbc.com/news/articles/c0000000025o"
      rel="canonical"
    />
    <style>
      html { color: red; }
    </style>
  </head>
  <body>
    <div
      dangerouslySetInnerHTML={
        Object {
          "__html": "<h1>App!</h1>",
        }
      }
      id="root"
    />
    <script
      dangerouslySetInnerHTML={
        Object {
          "__html": "window.SIMORGH_DATA={\\"test\\":\\"data\\"}",
        }
      }
    />
    <script
      defer={true}
      src="http://example.com/file.js"
      type="text/javascript"
    />
  </body>
</html>
`;
