// Jest Snapshot v1, https://goo.gl/fbAQLP

exports[`MainContent should render correctly 1`] = `
<MainContent>
  <HeadingsContainer
    blocks={
      Array [
        Object {
          "blockId": "t-1",
          "model": Object {
            "blocks": Array [
              Object {
                "blockId": "p-1",
                "model": Object {
                  "text": "This is a headline!",
                },
                "type": "paragraph",
              },
            ],
          },
          "type": "text",
        },
      ]
    }
    type="headline"
  />
  <HeadingsContainer
    blocks={
      Array [
        Object {
          "blockId": "t-1",
          "model": Object {
            "blocks": Array [
              Object {
                "blockId": "p-1",
                "model": Object {
                  "text": "This is a subheading!",
                },
                "type": "paragraph",
              },
            ],
          },
          "type": "text",
        },
      ]
    }
    type="subheading"
    typeOfPreviousBlock="headline"
  />
  <TextContainer
    blocks={
      Array [
        Object {
          "blockId": "2-1",
          "model": Object {
            "text": "This is some text content!",
          },
          "type": "paragraph",
        },
      ]
    }
    type="text"
    typeOfPreviousBlock="subheading"
  />
  <BlockString
    blocks={
      Array [
        Object {
          "model": Object {
            "text": "This is some test content!",
          },
        },
      ]
    }
    type="test"
    typeOfPreviousBlock="text"
  />
  <ImageContainer
    blocks={
      Array [
        Object {
          "blockId": "4-1",
          "model": Object {
            "copyrightHolder": "BBC",
            "height": 420,
            "locator": "/cpsprodpb/E7DB/production/_101655395_paulineclayton.jpg",
            "originCode": null,
            "width": 640,
          },
          "type": "rawImage",
        },
        Object {
          "model": Object {
            "blocks": Array [
              Object {
                "blockId": "t-1",
                "model": Object {
                  "blocks": Array [
                    Object {
                      "blockId": "p-1",
                      "model": Object {
                        "text": "Pauline Clayton",
                      },
                      "type": "paragraph",
                    },
                  ],
                },
                "type": "text",
              },
            ],
          },
          "type": "altText",
        },
        Object {
          "model": Object {
            "blocks": Array [
              Object {
                "blockId": "t-1",
                "model": Object {
                  "blocks": Array [
                    Object {
                      "blockId": "p-1",
                      "model": Object {
                        "text": "Former embroider Pauline Clayton described the gift as \\"lovely\\"",
                      },
                      "type": "paragraph",
                    },
                  ],
                },
                "type": "text",
              },
            ],
          },
          "type": "caption",
        },
      ]
    }
    type="image"
    typeOfPreviousBlock="test"
  />
</MainContent>
`;
