// Jest Snapshot v1, https://goo.gl/fbAQLP

exports[`Copyright should render correctly 1`] = `
Array [
  .c0 {
  position: absolute;
  width: 1px;
  height: 1px;
  margin: -1px;
  padding: 0;
  border: 0;
  overflow: hidden;
  -webkit-clip: rect(0 0 0 0);
  clip: rect(0 0 0 0);
  top: 0;
}

<span
    className="c0"
  >
    Image source, Getty Images
  </span>,
  .c0 {
  font-size: 0.75em;
  line-height: 1em;
  background-color: rgba(34,34,34,0.75);
  text-transform: uppercase;
  color: #FFFFFF;
  padding: 0.25rem 0.5rem;
  font-family: ReithSansNewsRegular,Helvetica,Arial,sans-serif;
  position: absolute;
  bottom: 0;
  right: 0;
}

<span
    aria-hidden="true"
    className="c0"
  >
    Getty Images
  </span>,
]
`;
